Archive member included because of file (symbol)

/usr/local/lpcxpresso_7.8.0_426/lpcxpresso/tools/lib/gcc/arm-none-eabi/4.9.3/thumb/libgcc.a(_aeabi_uldivmod.o)
                              ./chip/src/uart_17xx_40xx.o (__aeabi_uldivmod)
/usr/local/lpcxpresso_7.8.0_426/lpcxpresso/tools/lib/gcc/arm-none-eabi/4.9.3/thumb/libgcc.a(bpabi.o)
                              /usr/local/lpcxpresso_7.8.0_426/lpcxpresso/tools/lib/gcc/arm-none-eabi/4.9.3/thumb/libgcc.a(_aeabi_uldivmod.o) (__gnu_uldivmod_helper)
/usr/local/lpcxpresso_7.8.0_426/lpcxpresso/tools/lib/gcc/arm-none-eabi/4.9.3/thumb/libgcc.a(_dvmd_tls.o)
                              /usr/local/lpcxpresso_7.8.0_426/lpcxpresso/tools/lib/gcc/arm-none-eabi/4.9.3/thumb/libgcc.a(_aeabi_uldivmod.o) (__aeabi_ldiv0)
/usr/local/lpcxpresso_7.8.0_426/lpcxpresso/tools/lib/gcc/arm-none-eabi/4.9.3/thumb/libgcc.a(_muldi3.o)
                              /usr/local/lpcxpresso_7.8.0_426/lpcxpresso/tools/lib/gcc/arm-none-eabi/4.9.3/thumb/libgcc.a(bpabi.o) (__aeabi_lmul)
/usr/local/lpcxpresso_7.8.0_426/lpcxpresso/tools/lib/gcc/arm-none-eabi/4.9.3/thumb/libgcc.a(_divdi3.o)
                              /usr/local/lpcxpresso_7.8.0_426/lpcxpresso/tools/lib/gcc/arm-none-eabi/4.9.3/thumb/libgcc.a(bpabi.o) (__divdi3)
/usr/local/lpcxpresso_7.8.0_426/lpcxpresso/tools/lib/gcc/arm-none-eabi/4.9.3/thumb/libgcc.a(_udivdi3.o)
                              /usr/local/lpcxpresso_7.8.0_426/lpcxpresso/tools/lib/gcc/arm-none-eabi/4.9.3/thumb/libgcc.a(bpabi.o) (__udivdi3)
/usr/local/lpcxpresso_7.8.0_426/lpcxpresso/tools/lib/gcc/arm-none-eabi/4.9.3/thumb/libgcc.a(_clzdi2.o)
                              /usr/local/lpcxpresso_7.8.0_426/lpcxpresso/tools/lib/gcc/arm-none-eabi/4.9.3/thumb/libgcc.a(_divdi3.o) (__clzdi2)
/usr/local/lpcxpresso_7.8.0_426/lpcxpresso/tools/lib/gcc/arm-none-eabi/4.9.3/thumb/libgcc.a(_clzsi2.o)
                              /usr/local/lpcxpresso_7.8.0_426/lpcxpresso/tools/lib/gcc/arm-none-eabi/4.9.3/thumb/libgcc.a(_clzdi2.o) (__clzsi2)
/usr/local/lpcxpresso_7.8.0_426/lpcxpresso/tools/arm-none-eabi/lib/thumb/libc.a(lib_a-memcpy.o)
                              src/i2c.o (memcpy)
/usr/local/lpcxpresso_7.8.0_426/lpcxpresso/tools/arm-none-eabi/lib/thumb/libc.a(lib_a-memset.o)
                              ./FreeRTOS/tasks.o (memset)
/usr/local/lpcxpresso_7.8.0_426/lpcxpresso/tools/arm-none-eabi/lib/thumb/libc.a(lib_a-sprintf.o)
                              src/i2c.o (sprintf)
/usr/local/lpcxpresso_7.8.0_426/lpcxpresso/tools/arm-none-eabi/lib/thumb/libc.a(lib_a-svfprintf.o)
                              /usr/local/lpcxpresso_7.8.0_426/lpcxpresso/tools/arm-none-eabi/lib/thumb/libc.a(lib_a-sprintf.o) (_svfprintf_r)
/usr/local/lpcxpresso_7.8.0_426/lpcxpresso/tools/arm-none-eabi/lib/thumb/libc.a(lib_a-dtoa.o)
                              /usr/local/lpcxpresso_7.8.0_426/lpcxpresso/tools/arm-none-eabi/lib/thumb/libc.a(lib_a-svfprintf.o) (_dtoa_r)
/usr/local/lpcxpresso_7.8.0_426/lpcxpresso/tools/arm-none-eabi/lib/thumb/libc.a(lib_a-impure.o)
                              /usr/local/lpcxpresso_7.8.0_426/lpcxpresso/tools/arm-none-eabi/lib/thumb/libc.a(lib_a-sprintf.o) (_impure_ptr)
/usr/local/lpcxpresso_7.8.0_426/lpcxpresso/tools/arm-none-eabi/lib/thumb/libc.a(lib_a-locale.o)
                              /usr/local/lpcxpresso_7.8.0_426/lpcxpresso/tools/arm-none-eabi/lib/thumb/libc.a(lib_a-svfprintf.o) (_localeconv_r)
/usr/local/lpcxpresso_7.8.0_426/lpcxpresso/tools/arm-none-eabi/lib/thumb/libc.a(lib_a-mallocr.o)
                              /usr/local/lpcxpresso_7.8.0_426/lpcxpresso/tools/arm-none-eabi/lib/thumb/libc.a(lib_a-svfprintf.o) (_malloc_r)
/usr/local/lpcxpresso_7.8.0_426/lpcxpresso/tools/arm-none-eabi/lib/thumb/libc.a(lib_a-memchr.o)
                              /usr/local/lpcxpresso_7.8.0_426/lpcxpresso/tools/arm-none-eabi/lib/thumb/libc.a(lib_a-svfprintf.o) (memchr)
/usr/local/lpcxpresso_7.8.0_426/lpcxpresso/tools/arm-none-eabi/lib/thumb/libc.a(lib_a-mlock.o)
                              /usr/local/lpcxpresso_7.8.0_426/lpcxpresso/tools/arm-none-eabi/lib/thumb/libc.a(lib_a-mallocr.o) (__malloc_lock)
/usr/local/lpcxpresso_7.8.0_426/lpcxpresso/tools/arm-none-eabi/lib/thumb/libc.a(lib_a-mprec.o)
                              /usr/local/lpcxpresso_7.8.0_426/lpcxpresso/tools/arm-none-eabi/lib/thumb/libc.a(lib_a-dtoa.o) (_Balloc)
/usr/local/lpcxpresso_7.8.0_426/lpcxpresso/tools/arm-none-eabi/lib/thumb/libc.a(lib_a-s_fpclassify.o)
                              /usr/local/lpcxpresso_7.8.0_426/lpcxpresso/tools/arm-none-eabi/lib/thumb/libc.a(lib_a-svfprintf.o) (__fpclassifyd)
/usr/local/lpcxpresso_7.8.0_426/lpcxpresso/tools/arm-none-eabi/lib/thumb/libc.a(lib_a-sbrkr.o)
                              /usr/local/lpcxpresso_7.8.0_426/lpcxpresso/tools/arm-none-eabi/lib/thumb/libc.a(lib_a-mallocr.o) (_sbrk_r)
/usr/local/lpcxpresso_7.8.0_426/lpcxpresso/tools/arm-none-eabi/lib/thumb/libc.a(lib_a-strcmp.o)
[...]
Memory Configuration

Name             Origin             Length             Attributes
MFlash128        0x00000000         0x00020000         xr
RamLoc16         0x10000000         0x00004000         xrw
RamAHB16         0x2007c000         0x00004000         xrw
*default*        0x00000000         0xffffffff

Linker script and memory map

LOAD src/sysinit.o
LOAD src/AFC_IPM.o
LOAD src/cr_startup_lpc175x_6x.o
LOAD src/i2c.o
LOAD ./FreeRTOS/queue.o
LOAD ./FreeRTOS/port.o
LOAD ./FreeRTOS/event_groups.o
LOAD ./FreeRTOS/tasks.o
LOAD ./FreeRTOS/heap_2.o
LOAD ./FreeRTOS/list.o
LOAD ./FreeRTOS/timers.o
LOAD ./chip/src/chip_17xx_40xx.o
LOAD ./chip/src/ring_buffer.o
LOAD ./chip/src/emc_17xx_40xx.o
LOAD ./chip/src/adc_17xx_40xx.o
LOAD ./chip/src/can_17xx_40xx.o
LOAD ./chip/src/gpio_17xx_40xx.o
LOAD ./chip/src/lcd_17xx_40xx.o
LOAD ./chip/src/eeprom_17xx_40xx.o
LOAD ./chip/src/spi_17xx_40xx.o
LOAD ./chip/src/rtc_17xx_40xx.o
LOAD ./chip/src/sysinit_17xx_40xx.o
LOAD ./chip/src/wwdt_17xx_40xx.o
LOAD ./chip/src/sdmmc_17xx_40xx.o
LOAD ./chip/src/dac_17xx_40xx.o
LOAD ./chip/src/clock_17xx_40xx.o
LOAD ./chip/src/uart_17xx_40xx.o
LOAD ./chip/src/sdc_17xx_40xx.o
LOAD ./chip/src/pmu_17xx_40xx.o
LOAD ./chip/src/i2s_17xx_40xx.o
LOAD ./chip/src/enet_17xx_40xx.o
LOAD ./chip/src/stopwatch_17xx_40xx.o
LOAD ./chip/src/ssp_17xx_40xx.o
LOAD ./chip/src/i2c_17xx_40xx.o
LOAD ./chip/src/gpdma_17xx_40xx.o
LOAD ./chip/src/iocon_17xx_40xx.o
LOAD ./chip/src/gpioint_17xx_40xx.o
LOAD ./chip/src/sysctl_17xx_40xx.o
LOAD ./chip/src/timer_17xx_40xx.o
LOAD ./chip/src/cmp_17xx_40xx.o
LOAD ./chip/src/ritimer_17xx_40xx.o
LOAD ./chip/src/crc_17xx_40xx.o
LOAD ./chip/src/iap.o
START GROUP
LOAD /usr/local/lpcxpresso_7.8.0_426/lpcxpresso/tools/lib/gcc/arm-none-eabi/4.9.3/thumb/libgcc.a
LOAD /usr/local/lpcxpresso_7.8.0_426/lpcxpresso/tools/arm-none-eabi/lib/thumb/libc.a
LOAD /usr/local/lpcxpresso_7.8.0_426/lpcxpresso/tools/arm-none-eabi/lib/thumb/libm.a
LOAD /usr/local/lpcxpresso_7.8.0_426/lpcxpresso/tools/arm-none-eabi/lib/thumb/libcr_newlib_nohost.a
END GROUP
                0x00020000                __top_MFlash128 = 0x20000
                0x10004000                __top_RamLoc16 = 0x10004000
                0x20080000                __top_RamAHB16 = 0x20080000

.text           0x00000000     0x6c90
 FILL mask 0xff
                0x00000000                __vectors_start__ = ABSOLUTE (.)
 *(.isr_vector)
 .isr_vector    0x00000000       0xcc src/cr_startup_lpc175x_6x.o
                0x00000000                g_pfnVectors
                0x000000cc                . = ALIGN (0x4)
                0x000000cc                __section_table_start = .
                0x000000cc                __data_section_table = .
                0x000000cc        0x4 LONG 0x6c98 LOADADDR (.data)
                0x000000d0        0x4 LONG 0x10000000 ADDR (.data)
                0x000000d4        0x4 LONG 0x98c SIZEOF (.data)
                0x000000d8        0x4 LONG 0x6c98 LOADADDR (.data_RAM2)
                0x000000dc        0x4 LONG 0x2007c000 ADDR (.data_RAM2)
                0x000000e0        0x4 LONG 0x0 SIZEOF (.data_RAM2)
                0x000000e4                __data_section_table_end = .
                0x000000e4                __bss_section_table = .
                0x000000e4        0x4 LONG 0x1000098c ADDR (.bss)
                0x000000e8        0x4 LONG 0x298c SIZEOF (.bss)
                0x000000ec        0x4 LONG 0x2007c000 ADDR (.bss_RAM2)
                0x000000f0        0x4 LONG 0x0 SIZEOF (.bss_RAM2)
                0x000000f4                __bss_section_table_end = .
                0x000000f4                __section_table_end = .
 *(.after_vectors*)
 .after_vectors
                0x000000f4       0x78 src/cr_startup_lpc175x_6x.o
                0x000000f4                NMI_Handler
                0x000000f6                HardFault_Handler
                0x000000f8                MemManage_Handler
                0x000000fa                BusFault_Handler
                0x000000fc                UsageFault_Handler
                0x00000100                DebugMon_Handler
                0x00000106                TIMER2_IRQHandler
                0x00000106                RIT_IRQHandler
                0x00000106                USBActivity_IRQHandler
                0x00000106                PWM1_IRQHandler
                0x00000106                EINT2_IRQHandler
                0x00000106                UART1_IRQHandler
                0x00000106                EINT3_IRQHandler
                0x00000106                CANActivity_IRQHandler
                0x00000106                TIMER3_IRQHandler
                0x00000106                UART0_IRQHandler
                0x00000106                IntDefaultHandler
                0x00000106                PLL0_IRQHandler
                0x00000106                CAN_IRQHandler
                0x00000106                PLL1_IRQHandler
                0x00000106                SSP0_IRQHandler
                0x00000106                I2S_IRQHandler
                0x00000106                RTC_IRQHandler
                0x00000106                TIMER0_IRQHandler
                0x00000106                SPI_IRQHandler
                0x00000106                EINT1_IRQHandler
                0x00000106                TIMER1_IRQHandler
                0x00000106                UART2_IRQHandler
                0x00000106                ADC_IRQHandler
                0x00000106                SSP1_IRQHandler
                0x00000106                USB_IRQHandler
                0x00000106                BOD_IRQHandler
                0x00000106                WDT_IRQHandler
                0x00000106                QEI_IRQHandler
                0x00000106                EINT0_IRQHandler
                0x00000106                ETH_IRQHandler
                0x00000106                DMA_IRQHandler
                0x00000106                UART3_IRQHandler
                0x00000106                MCPWM_IRQHandler
                0x00000108                data_init
                0x0000011a                bss_init
                0x0000012a                ResetISR
 *(.text*)
 .text.SystemInit
                0x0000016c       0x14 src/sysinit.o
                0x0000016c                SystemInit
 .text.prvMasterTestTask
                0x00000180       0x3c src/AFC_IPM.o
 .text.prvSlaveTestTask
                0x000001bc       0x34 src/AFC_IPM.o
 .text.startup.main
                0x000001f0       0x88 src/AFC_IPM.o
                0x000001f0                main
 .text.vApplicationStackOverflowHook
                0x00000278        0x8 src/AFC_IPM.o
                0x00000278                vApplicationStackOverflowHook
 .text.vI2CTask
                0x00000280      0x194 src/i2c.o
                0x00000280                vI2CTask
 .text.vI2C_ISR
                0x00000414       0x28 src/i2c.o
                0x00000414                vI2C_ISR
 .text.I2C0_IRQHandler
                0x0000043c       0x2c src/i2c.o
                0x0000043c                I2C0_IRQHandler
 .text.I2C1_IRQHandler
                0x00000468       0x30 src/i2c.o
                0x00000468                I2C1_IRQHandler
 .text.I2C2_IRQHandler
                0x00000498       0x30 src/i2c.o
                0x00000498                I2C2_IRQHandler
 .text.vI2CRead
                0x000004c8       0x88 src/i2c.o
                0x000004c8                vI2CRead
 .text.vI2CSlaveTransfer
                0x00000550       0x58 src/i2c.o
                0x00000550                vI2CSlaveTransfer
 .text.ulCFG_MMC_GA
                0x000005a8       0x6c src/i2c.o
                0x000005a8                ulCFG_MMC_GA
 .text.vI2CInitTask
                0x00000614      0x158 src/i2c.o
                0x00000614                vI2CInitTask
 .text.prvCopyDataToQueue
                0x0000076c       0x6a ./FreeRTOS/queue.o
 .text.prvCopyDataFromQueue
                0x000007d6       0x26 ./FreeRTOS/queue.o
 .text.prvUnlockQueue
                0x000007fc       0x64 ./FreeRTOS/queue.o
 .text.xQueueGenericReset
                0x00000860       0x5a ./FreeRTOS/queue.o
                0x00000860                xQueueGenericReset
 .text.xQueueGenericCreate
                0x000008ba       0x3c ./FreeRTOS/queue.o
                0x000008ba                xQueueGenericCreate
 .text.xQueueGenericSend
                0x000008f6       0xd8 ./FreeRTOS/queue.o
                0x000008f6                xQueueGenericSend
 .text.xQueueCreateMutex
                0x000009ce       0x4a ./FreeRTOS/queue.o
                0x000009ce                xQueueCreateMutex
 .text.xQueueGiveFromISR
                0x00000a18       0x4c ./FreeRTOS/queue.o
                0x00000a18                xQueueGiveFromISR
 .text.xQueueGenericReceive
                0x00000a64      0x102 ./FreeRTOS/queue.o
                0x00000a64                xQueueGenericReceive
 *fill*         0x00000b66        0x2 
 .text.vQueueAddToRegistry
                0x00000b68       0x24 ./FreeRTOS/queue.o
                0x00000b68                vQueueAddToRegistry
 .text.prvPortStartFirstTask
                0x00000b8c       0x20 ./FreeRTOS/port.o
 .text.pxPortInitialiseStack
                0x00000bac       0x1c ./FreeRTOS/port.o
                0x00000bac                pxPortInitialiseStack
 .text.SVC_Handler
                0x00000bc8       0x24 ./FreeRTOS/port.o
                0x00000bc8                SVC_Handler
 .text.vPortYield
                0x00000bec       0x18 ./FreeRTOS/port.o
                0x00000bec                vPortYield
 .text.ulPortSetInterruptMask
                0x00000c04       0x10 ./FreeRTOS/port.o
                0x00000c04                ulPortSetInterruptMask
 .text.prvTaskExitError
                0x00000c14        0x8 ./FreeRTOS/port.o
 .text.vPortEnterCritical
                0x00000c1c       0x1c ./FreeRTOS/port.o
                0x00000c1c                vPortEnterCritical
 .text.vPortClearInterruptMask
                0x00000c38        0x6 ./FreeRTOS/port.o
                0x00000c38                vPortClearInterruptMask
 *fill*         0x00000c3e        0x2 
 .text.vPortExitCritical
                0x00000c40       0x14 ./FreeRTOS/port.o
                0x00000c40                vPortExitCritical
 .text.PendSV_Handler
                0x00000c54       0x44 ./FreeRTOS/port.o
                0x00000c54                PendSV_Handler
 .text.SysTick_Handler
                0x00000c98       0x24 ./FreeRTOS/port.o
                0x00000c98                SysTick_Handler
 .text.vPortSetupTimerInterrupt
                0x00000cbc       0x24 ./FreeRTOS/port.o
                0x00000cbc                vPortSetupTimerInterrupt
 .text.xPortStartScheduler
                0x00000ce0       0x30 ./FreeRTOS/port.o
                0x00000ce0                xPortStartScheduler
 .text.prvIdleTask
                0x00000d10        0x2 ./FreeRTOS/tasks.o
 *fill*         0x00000d12        0x2 
 .text.prvResetNextTaskUnblockTime
                0x00000d14       0x24 ./FreeRTOS/tasks.o
 .text.prvAddCurrentTaskToDelayedList
                0x00000d38       0x50 ./FreeRTOS/tasks.o
 .text.xTaskGenericCreate
                0x00000d88      0x19c ./FreeRTOS/tasks.o
                0x00000d88                xTaskGenericCreate
 .text.vTaskStartScheduler
                0x00000f24       0x4c ./FreeRTOS/tasks.o
                0x00000f24                vTaskStartScheduler
 .text.vTaskSuspendAll
                0x00000f70       0x10 ./FreeRTOS/tasks.o
                0x00000f70                vTaskSuspendAll
 .text.xTaskIncrementTick
                0x00000f80       0xfc ./FreeRTOS/tasks.o
                0x00000f80                xTaskIncrementTick
 .text.xTaskResumeAll
                0x0000107c       0xc0 ./FreeRTOS/tasks.o
                0x0000107c                xTaskResumeAll
 .text.vTaskDelay
                0x0000113c       0x54 ./FreeRTOS/tasks.o
                0x0000113c                vTaskDelay
 .text.vTaskSetApplicationTaskTag
                0x00001190       0x20 ./FreeRTOS/tasks.o
                0x00001190                vTaskSetApplicationTaskTag
 .text.xTaskGetApplicationTaskTag
                0x000011b0       0x1c ./FreeRTOS/tasks.o
                0x000011b0                xTaskGetApplicationTaskTag
 .text.vTaskSwitchContext
                0x000011cc       0x70 ./FreeRTOS/tasks.o
                0x000011cc                vTaskSwitchContext
 .text.vTaskPlaceOnEventList
                0x0000123c       0x5c ./FreeRTOS/tasks.o
                0x0000123c                vTaskPlaceOnEventList
 .text.xTaskRemoveFromEventList
                0x00001298       0x70 ./FreeRTOS/tasks.o
                0x00001298                xTaskRemoveFromEventList
 .text.vTaskSetTimeOutState
                0x00001308       0x18 ./FreeRTOS/tasks.o
                0x00001308                vTaskSetTimeOutState
 .text.xTaskCheckForTimeOut
                0x00001320       0x4c ./FreeRTOS/tasks.o
                0x00001320                xTaskCheckForTimeOut
 .text.vTaskMissedYield
                0x0000136c        0xc ./FreeRTOS/tasks.o
                0x0000136c                vTaskMissedYield
 .text.xTaskGetCurrentTaskHandle
                0x00001378        0xc ./FreeRTOS/tasks.o
                0x00001378                xTaskGetCurrentTaskHandle
 .text.vTaskPriorityInherit
                0x00001384       0x94 ./FreeRTOS/tasks.o
                0x00001384                vTaskPriorityInherit
 .text.xTaskPriorityDisinherit
                0x00001418       0x70 ./FreeRTOS/tasks.o
                0x00001418                xTaskPriorityDisinherit
 .text.pvTaskIncrementMutexHeldCount
                0x00001488       0x18 ./FreeRTOS/tasks.o
                0x00001488                pvTaskIncrementMutexHeldCount
 .text.ulTaskNotifyTake
                0x000014a0       0x94 ./FreeRTOS/tasks.o
                0x000014a0                ulTaskNotifyTake
 .text.xTaskGenericNotify
                0x00001534       0x98 ./FreeRTOS/tasks.o
                0x00001534                xTaskGenericNotify
 .text.pvPortMalloc
                0x000015cc       0xb8 ./FreeRTOS/heap_2.o
                0x000015cc                pvPortMalloc
 .text.vPortFree
                0x00001684       0x44 ./FreeRTOS/heap_2.o
                0x00001684                vPortFree
 .text.vListInitialise
                0x000016c8       0x16 ./FreeRTOS/list.o
                0x000016c8                vListInitialise
 .text.vListInitialiseItem
                0x000016de        0x6 ./FreeRTOS/list.o
                0x000016de                vListInitialiseItem
 .text.vListInsertEnd
                0x000016e4       0x18 ./FreeRTOS/list.o
                0x000016e4                vListInsertEnd
 .text.vListInsert
                0x000016fc       0x30 ./FreeRTOS/list.o
                0x000016fc                vListInsert
 .text.uxListRemove
                0x0000172c       0x24 ./FreeRTOS/list.o
                0x0000172c                uxListRemove
 .text.SystemCoreClockUpdate
                0x00001750       0x10 ./chip/src/chip_17xx_40xx.o
                0x00001750                SystemCoreClockUpdate
 .text.Chip_SetupIrcClocking
                0x00001760       0x68 ./chip/src/sysinit_17xx_40xx.o
                0x00001760                Chip_SetupIrcClocking
 .text.Chip_SystemInit
                0x000017c8        0x4 ./chip/src/sysinit_17xx_40xx.o
                0x000017c8                Chip_SystemInit
 .text.Chip_Clock_EnablePLL
                0x000017cc       0x24 ./chip/src/clock_17xx_40xx.o
                0x000017cc                Chip_Clock_EnablePLL
 .text.Chip_Clock_DisablePLL
                0x000017f0       0x28 ./chip/src/clock_17xx_40xx.o
                0x000017f0                Chip_Clock_DisablePLL
 .text.Chip_Clock_SetupPLL
                0x00001818       0x30 ./chip/src/clock_17xx_40xx.o
                0x00001818                Chip_Clock_SetupPLL
 .text.Chip_Clock_EnablePeriphClock
                0x00001848       0x18 ./chip/src/clock_17xx_40xx.o
                0x00001848                Chip_Clock_EnablePeriphClock
 .text.Chip_Clock_GetCPUClockSource
                0x00001860       0x10 ./chip/src/clock_17xx_40xx.o
                0x00001860                Chip_Clock_GetCPUClockSource
 .text.Chip_Clock_SetCPUClockDiv
                0x00001870        0xc ./chip/src/clock_17xx_40xx.o
                0x00001870                Chip_Clock_SetCPUClockDiv
 .text.Chip_Clock_GetCPUClockDiv
                0x0000187c       0x10 ./chip/src/clock_17xx_40xx.o
                0x0000187c                Chip_Clock_GetCPUClockDiv
 .text.Chip_Clock_GetPCLKDiv
                0x0000188c       0x3c ./chip/src/clock_17xx_40xx.o
                0x0000188c                Chip_Clock_GetPCLKDiv
 .text.Chip_Clock_GetSYSCLKRate
                0x000018c8       0x38 ./chip/src/clock_17xx_40xx.o
                0x000018c8                Chip_Clock_GetSYSCLKRate
 .text.Chip_Clock_GetMainPLLOutClockRate
                0x00001900       0x34 ./chip/src/clock_17xx_40xx.o
                0x00001900                Chip_Clock_GetMainPLLOutClockRate
 .text.Chip_Clock_GetMainClockRate
                0x00001934       0x20 ./chip/src/clock_17xx_40xx.o
                0x00001934                Chip_Clock_GetMainClockRate
 .text.Chip_Clock_GetSystemClockRate
                0x00001954       0x12 ./chip/src/clock_17xx_40xx.o
                0x00001954                Chip_Clock_GetSystemClockRate
 .text.Chip_Clock_GetPeripheralClockRate
                0x00001966       0x16 ./chip/src/clock_17xx_40xx.o
                0x00001966                Chip_Clock_GetPeripheralClockRate
 .text.Chip_I2C_EventHandler
                0x0000197c       0x1c ./chip/src/i2c_17xx_40xx.o
                0x0000197c                Chip_I2C_EventHandler
 .text.Chip_I2C_Init
                0x00001998       0x1c ./chip/src/i2c_17xx_40xx.o
                0x00001998                Chip_I2C_Init
 .text.Chip_I2C_SetClockRate
                0x000019b4       0x30 ./chip/src/i2c_17xx_40xx.o
                0x000019b4                Chip_I2C_SetClockRate
 .text.Chip_IOCON_PinMux
                0x000019e4       0x38 ./chip/src/iocon_17xx_40xx.o
                0x000019e4                Chip_IOCON_PinMux
 .text          0x00001a1c       0x3c /usr/local/lpcxpresso_7.8.0_426/lpcxpresso/tools/lib/gcc/arm-none-eabi/4.9.3/thumb/libgcc.a(_aeabi_uldivmod.o)
                0x00001a1c                __aeabi_uldivmod
 .text          0x00001a58       0x74 /usr/local/lpcxpresso_7.8.0_426/lpcxpresso/tools/lib/gcc/arm-none-eabi/4.9.3/thumb/libgcc.a(bpabi.o)
                0x00001a58                __gnu_ldivmod_helper
                0x00001a94                __gnu_uldivmod_helper
 .text          0x00001acc        0x4 /usr/local/lpcxpresso_7.8.0_426/lpcxpresso/tools/lib/gcc/arm-none-eabi/4.9.3/thumb/libgcc.a(_dvmd_tls.o)
                0x00001acc                __aeabi_ldiv0
                0x00001acc                __aeabi_idiv0
 .text          0x00001ad0       0x60 /usr/local/lpcxpresso_7.8.0_426/lpcxpresso/tools/lib/gcc/arm-none-eabi/4.9.3/thumb/libgcc.a(_muldi3.o)
                0x00001ad0                __aeabi_lmul
                0x00001ad0                __muldi3
 .text          0x00001b30      0x1f4 /usr/local/lpcxpresso_7.8.0_426/lpcxpresso/tools/lib/gcc/arm-none-eabi/4.9.3/thumb/libgcc.a(_divdi3.o)
                0x00001b30                __divdi3
 .text          0x00001d24      0x15c /usr/local/lpcxpresso_7.8.0_426/lpcxpresso/tools/lib/gcc/arm-none-eabi/4.9.3/thumb/libgcc.a(_udivdi3.o)
                0x00001d24                __udivdi3
 .text          0x00001e80       0x28 /usr/local/lpcxpresso_7.8.0_426/lpcxpresso/tools/lib/gcc/arm-none-eabi/4.9.3/thumb/libgcc.a(_clzdi2.o)
                0x00001e80                __clzdi2
 .text          0x00001ea8       0x48 /usr/local/lpcxpresso_7.8.0_426/lpcxpresso/tools/lib/gcc/arm-none-eabi/4.9.3/thumb/libgcc.a(_clzsi2.o)
                0x00001ea8                __clzsi2
 .text.memcpy   0x00001ef0       0x80 /usr/local/lpcxpresso_7.8.0_426/lpcxpresso/tools/arm-none-eabi/lib/thumb/libc.a(lib_a-memcpy.o)
                0x00001ef0                memcpy
 .text.memset   0x00001f70       0x94 /usr/local/lpcxpresso_7.8.0_426/lpcxpresso/tools/arm-none-eabi/lib/thumb/libc.a(lib_a-memset.o)
                0x00001f70                memset
 .text.sprintf  0x00002004       0x44 /usr/local/lpcxpresso_7.8.0_426/lpcxpresso/tools/arm-none-eabi/lib/thumb/libc.a(lib_a-sprintf.o)
                0x00002004                sprintf
 .text._svfprintf_r
                0x00002048     0x147c /usr/local/lpcxpresso_7.8.0_426/lpcxpresso/tools/arm-none-eabi/lib/thumb/libc.a(lib_a-svfprintf.o)
                0x00002048                _svfprintf_r
 .text.quorem   0x000034c4      0x160 /usr/local/lpcxpresso_7.8.0_426/lpcxpresso/tools/arm-none-eabi/lib/thumb/libc.a(lib_a-dtoa.o)
 .text._dtoa_r  0x00003624     0x102c /usr/local/lpcxpresso_7.8.0_426/lpcxpresso/tools/arm-none-eabi/lib/thumb/libc.a(lib_a-dtoa.o)
                0x00003624                _dtoa_r
 .text._localeconv_r
                0x00004650        0x8 /usr/local/lpcxpresso_7.8.0_426/lpcxpresso/tools/arm-none-eabi/lib/thumb/libc.a(lib_a-locale.o)
                0x00004650                _localeconv_r
 .text._malloc_r
                0x00004658      0x54c /usr/local/lpcxpresso_7.8.0_426/lpcxpresso/tools/arm-none-eabi/lib/thumb/libc.a(lib_a-mallocr.o)
                0x00004658                _malloc_r
 .text.memchr   0x00004ba4       0x8c /usr/local/lpcxpresso_7.8.0_426/lpcxpresso/tools/arm-none-eabi/lib/thumb/libc.a(lib_a-memchr.o)
                0x00004ba4                memchr
 .text.__malloc_lock
                0x00004c30        0x4 /usr/local/lpcxpresso_7.8.0_426/lpcxpresso/tools/arm-none-eabi/lib/thumb/libc.a(lib_a-mlock.o)
                0x00004c30                __malloc_lock
 .text.__malloc_unlock
                0x00004c34        0x4 /usr/local/lpcxpresso_7.8.0_426/lpcxpresso/tools/arm-none-eabi/lib/thumb/libc.a(lib_a-mlock.o)
                0x00004c34                __malloc_unlock
 .text._Balloc  0x00004c38       0x54 /usr/local/lpcxpresso_7.8.0_426/lpcxpresso/tools/arm-none-eabi/lib/thumb/libc.a(lib_a-mprec.o)
                0x00004c38                _Balloc
 .text._Bfree   0x00004c8c       0x14 /usr/local/lpcxpresso_7.8.0_426/lpcxpresso/tools/arm-none-eabi/lib/thumb/libc.a(lib_a-mprec.o)
                0x00004c8c                _Bfree
 .text.__multadd
                0x00004ca0       0x98 /usr/local/lpcxpresso_7.8.0_426/lpcxpresso/tools/arm-none-eabi/lib/thumb/libc.a(lib_a-mprec.o)
                0x00004ca0                __multadd
 .text.__hi0bits
                0x00004d38       0x3c /usr/local/lpcxpresso_7.8.0_426/lpcxpresso/tools/arm-none-eabi/lib/thumb/libc.a(lib_a-mprec.o)
                0x00004d38                __hi0bits
 .text.__lo0bits
                0x00004d74       0x5c /usr/local/lpcxpresso_7.8.0_426/lpcxpresso/tools/arm-none-eabi/lib/thumb/libc.a(lib_a-mprec.o)
                0x00004d74                __lo0bits
 .text.__i2b    0x00004dd0       0x18 /usr/local/lpcxpresso_7.8.0_426/lpcxpresso/tools/arm-none-eabi/lib/thumb/libc.a(lib_a-mprec.o)
                0x00004dd0                __i2b
 .text.__multiply
                0x00004de8      0x170 /usr/local/lpcxpresso_7.8.0_426/lpcxpresso/tools/arm-none-eabi/lib/thumb/libc.a(lib_a-mprec.o)
                0x00004de8                __multiply
 .text.__pow5mult
                0x00004f58       0xc0 /usr/local/lpcxpresso_7.8.0_426/lpcxpresso/tools/arm-none-eabi/lib/thumb/libc.a(lib_a-mprec.o)
                0x00004f58                __pow5mult
 .text.__lshift
                0x00005018       0xd0 /usr/local/lpcxpresso_7.8.0_426/lpcxpresso/tools/arm-none-eabi/lib/thumb/libc.a(lib_a-mprec.o)
                0x00005018                __lshift
 .text.__mcmp   0x000050e8       0x3c /usr/local/lpcxpresso_7.8.0_426/lpcxpresso/tools/arm-none-eabi/lib/thumb/libc.a(lib_a-mprec.o)
                0x000050e8                __mcmp
 .text.__mdiff  0x00005124       0xf0 /usr/local/lpcxpresso_7.8.0_426/lpcxpresso/tools/arm-none-eabi/lib/thumb/libc.a(lib_a-mprec.o)
                0x00005124                __mdiff
 .text.__d2b    0x00005214       0xc0 /usr/local/lpcxpresso_7.8.0_426/lpcxpresso/tools/arm-none-eabi/lib/thumb/libc.a(lib_a-mprec.o)
                0x00005214                __d2b
 .text.__fpclassifyd
                0x000052d4       0x5c /usr/local/lpcxpresso_7.8.0_426/lpcxpresso/tools/arm-none-eabi/lib/thumb/libc.a(lib_a-s_fpclassify.o)
                0x000052d4                __fpclassifyd
 .text._sbrk_r  0x00005330       0x28 /usr/local/lpcxpresso_7.8.0_426/lpcxpresso/tools/arm-none-eabi/lib/thumb/libc.a(lib_a-sbrkr.o)
                0x00005330                _sbrk_r
 .text.strlen   0x00005358       0x6c /usr/local/lpcxpresso_7.8.0_426/lpcxpresso/tools/arm-none-eabi/lib/thumb/libc.a(lib_a-strlen.o)
                0x00005358                strlen
 .text.__ssprint_r
                0x000053c4      0x134 /usr/local/lpcxpresso_7.8.0_426/lpcxpresso/tools/arm-none-eabi/lib/thumb/libc.a(lib_a-svfiprintf.o)
                0x000053c4                __ssprint_r
 .text._calloc_r
                0x000054f8       0x64 /usr/local/lpcxpresso_7.8.0_426/lpcxpresso/tools/arm-none-eabi/lib/thumb/libc.a(lib_a-callocr.o)
                0x000054f8                _calloc_r
 .text._malloc_trim_r
                0x0000555c       0xa4 /usr/local/lpcxpresso_7.8.0_426/lpcxpresso/tools/arm-none-eabi/lib/thumb/libc.a(lib_a-freer.o)
                0x0000555c                _malloc_trim_r
 .text._free_r  0x00005600      0x1b4 /usr/local/lpcxpresso_7.8.0_426/lpcxpresso/tools/arm-none-eabi/lib/thumb/libc.a(lib_a-freer.o)
                0x00005600                _free_r
 .text.memmove  0x000057b4       0x9c /usr/local/lpcxpresso_7.8.0_426/lpcxpresso/tools/arm-none-eabi/lib/thumb/libc.a(lib_a-memmove.o)
                0x000057b4                memmove
 .text._realloc_r
                0x00005850      0x3dc /usr/local/lpcxpresso_7.8.0_426/lpcxpresso/tools/arm-none-eabi/lib/thumb/libc.a(lib_a-reallocr.o)
                0x00005850                _realloc_r
 .text._sbrk    0x00005c2c       0x44 /usr/local/lpcxpresso_7.8.0_426/lpcxpresso/tools/arm-none-eabi/lib/thumb/libcr_newlib_nohost.a(_cr_sbrk.o)
                0x00005c2c                _sbrk
 .text.__check_heap_overflow
                0x00005c70       0x14 /usr/local/lpcxpresso_7.8.0_426/lpcxpresso/tools/arm-none-eabi/lib/thumb/libcr_newlib_nohost.a(_cr_check_heap.o)
                0x00005c70                __check_heap_overflow
 .text          0x00005c84      0x11c /usr/local/lpcxpresso_7.8.0_426/lpcxpresso/tools/lib/gcc/arm-none-eabi/4.9.3/thumb/libgcc.a(_udivsi3.o)
                0x00005c84                __udivsi3
                0x00005c84                __aeabi_uidiv
                0x00005d80                __aeabi_uidivmod
 .text          0x00005da0      0x150 /usr/local/lpcxpresso_7.8.0_426/lpcxpresso/tools/lib/gcc/arm-none-eabi/4.9.3/thumb/libgcc.a(_divsi3.o)
                0x00005da0                __aeabi_idiv
                0x00005da0                __divsi3
                0x00005ed0                __aeabi_idivmod
 .text          0x00005ef0      0x41c /usr/local/lpcxpresso_7.8.0_426/lpcxpresso/tools/lib/gcc/arm-none-eabi/4.9.3/thumb/libgcc.a(_arm_addsubdf3.o)
                0x00005ef0                __aeabi_drsub
                0x00005ef8                __aeabi_dsub
                0x00005ef8                __subdf3
                0x00005efc                __adddf3
                0x00005efc                __aeabi_dadd
                0x0000620c                __aeabi_ui2d
                0x0000620c                __floatunsidf
                0x00006230                __floatsidf
                0x00006230                __aeabi_i2d
                0x00006258                __extendsfdf2
                0x00006258                __aeabi_f2d
                0x00006298                __aeabi_ul2d
                0x00006298                __floatundidf
                0x000062ac                __floatdidf
                0x000062ac                __aeabi_l2d
 .text          0x0000630c      0x49c /usr/local/lpcxpresso_7.8.0_426/lpcxpresso/tools/lib/gcc/arm-none-eabi/4.9.3/thumb/libgcc.a(_arm_muldivdf3.o)
                0x0000630c                __aeabi_dmul
                0x0000630c                __muldf3
                0x0000659c                __aeabi_ddiv
                0x0000659c                __divdf3
 .text          0x000067a8      0x144 /usr/local/lpcxpresso_7.8.0_426/lpcxpresso/tools/lib/gcc/arm-none-eabi/4.9.3/thumb/libgcc.a(_arm_cmpdf2.o)
                0x000067a8                __gtdf2
                0x000067a8                __gedf2
                0x000067b0                __ltdf2
                0x000067b0                __ledf2
                0x000067b8                __cmpdf2
                0x000067b8                __eqdf2
                0x000067b8                __nedf2
                0x00006840                __aeabi_cdrcmple
                0x0000685c                __aeabi_cdcmple
                0x0000685c                __aeabi_cdcmpeq
                0x00006874                __aeabi_dcmpeq
                0x0000688c                __aeabi_dcmplt
                0x000068a4                __aeabi_dcmple
                0x000068bc                __aeabi_dcmpge
                0x000068d4                __aeabi_dcmpgt
 .text          0x000068ec       0x5c /usr/local/lpcxpresso_7.8.0_426/lpcxpresso/tools/lib/gcc/arm-none-eabi/4.9.3/thumb/libgcc.a(_arm_fixdfsi.o)
                0x000068ec                __fixdfsi
                0x000068ec                __aeabi_d2iz
 .text.__errno  0x00006948        0xc /usr/local/lpcxpresso_7.8.0_426/lpcxpresso/tools/arm-none-eabi/lib/thumb/libc.a(lib_a-errno.o)
                0x00006948                __errno
 *fill*         0x00006954        0x4 
 .text.__errno.__stub
                0x00006958       0x10 linker stubs
 *(.rodata .rodata.* .constdata .constdata.*)
 .rodata.RTCOscRateIn
                0x00006968        0x4 src/sysinit.o
                0x00006968                RTCOscRateIn
 .rodata.OscRateIn
                0x0000696c        0x4 src/sysinit.o
                0x0000696c                OscRateIn
 .rodata.str1.1
                0x00006970       0x17 src/AFC_IPM.o
 .rodata.str1.1
                0x00006987       0x19 src/i2c.o
 .rodata.str1.1
                0x000069a0        0x5 ./FreeRTOS/tasks.o
 .rodata.I2C_PeriphClk
                0x000069a5        0x3 ./chip/src/i2c_17xx_40xx.o
 .rodata._svfprintf_r
                0x000069a8      0x164 /usr/local/lpcxpresso_7.8.0_426/lpcxpresso/tools/arm-none-eabi/lib/thumb/libc.a(lib_a-svfprintf.o)
 .rodata.zeroes.6916
                0x00006b0c       0x10 /usr/local/lpcxpresso_7.8.0_426/lpcxpresso/tools/arm-none-eabi/lib/thumb/libc.a(lib_a-svfprintf.o)
 .rodata.str1.4
                0x00006b1c       0x42 /usr/local/lpcxpresso_7.8.0_426/lpcxpresso/tools/arm-none-eabi/lib/thumb/libc.a(lib_a-svfprintf.o)
                                 0x44 (size before relaxing)
 *fill*         0x00006b5e        0x2 
 .rodata.blanks.6915
                0x00006b60       0x10 /usr/local/lpcxpresso_7.8.0_426/lpcxpresso/tools/arm-none-eabi/lib/thumb/libc.a(lib_a-svfprintf.o)
 .rodata.str1.4
                0x00006b70       0x10 /usr/local/lpcxpresso_7.8.0_426/lpcxpresso/tools/arm-none-eabi/lib/thumb/libc.a(lib_a-dtoa.o)
                                 0x14 (size before relaxing)
 .rodata.str1.4
                0x00006b80        0x2 /usr/local/lpcxpresso_7.8.0_426/lpcxpresso/tools/arm-none-eabi/lib/thumb/libc.a(lib_a-impure.o)
                                  0x4 (size before relaxing)
 *fill*         0x00006b82        0x2 
 .rodata.str1.4
                0x00006b84        0xc /usr/local/lpcxpresso_7.8.0_426/lpcxpresso/tools/arm-none-eabi/lib/thumb/libc.a(lib_a-locale.o)
                                 0x14 (size before relaxing)
 .rodata.p05.5296
                0x00006b90        0xc /usr/local/lpcxpresso_7.8.0_426/lpcxpresso/tools/arm-none-eabi/lib/thumb/libc.a(lib_a-mprec.o)
 *fill*         0x00006b9c        0x4 
 .rodata.__mprec_tens
                0x00006ba0       0xc8 /usr/local/lpcxpresso_7.8.0_426/lpcxpresso/tools/arm-none-eabi/lib/thumb/libc.a(lib_a-mprec.o)
                0x00006ba0                __mprec_tens
 .rodata.__mprec_bigtens
                0x00006c68       0x28 /usr/local/lpcxpresso_7.8.0_426/lpcxpresso/tools/arm-none-eabi/lib/thumb/libc.a(lib_a-mprec.o)
                0x00006c68                __mprec_bigtens
                0x00006c90                . = ALIGN (0x4)

.glue_7         0x00006c90        0x0
 .glue_7        0x00000000        0x0 linker stubs

.glue_7t        0x00006c90        0x0
 .glue_7t       0x00000000        0x0 linker stubs

.vfp11_veneer   0x00006c90        0x0
 .vfp11_veneer  0x00000000        0x0 linker stubs

.v4_bx          0x00006c90        0x0
 .v4_bx         0x00000000        0x0 linker stubs

.iplt           0x00006c90        0x0
 .iplt          0x00000000        0x0 src/sysinit.o

.ARM.extab
 *(.ARM.extab* .gnu.linkonce.armextab.*)
                0x00006c90                __exidx_start = .

.ARM.exidx      0x00006c90        0x8
 *(.ARM.exidx* .gnu.linkonce.armexidx.*)
 .ARM.exidx     0x00006c90        0x8 /usr/local/lpcxpresso_7.8.0_426/lpcxpresso/tools/lib/gcc/arm-none-eabi/4.9.3/thumb/libgcc.a(_divdi3.o)
 .ARM.exidx     0x00006c98        0x0 /usr/local/lpcxpresso_7.8.0_426/lpcxpresso/tools/lib/gcc/arm-none-eabi/4.9.3/thumb/libgcc.a(_udivdi3.o)
                                  0x8 (size before relaxing)
                0x00006c98                __exidx_end = .
                0x00006c98                _etext = .

.rel.dyn        0x00006c98        0x0
 .rel.iplt      0x00000000        0x0 src/sysinit.o

.data_RAM2      0x2007c000        0x0 load address 0x00006c98
 FILL mask 0xff
                0x2007c000                PROVIDE (__start_data_RAM2, .)
 *(.ramfunc.$RAM2)
 *(.ramfunc.$RamAHB16)
 *(.data.$RAM2*)
 *(.data.$RamAHB16*)
                0x2007c000                . = ALIGN (0x4)
                0x2007c000                PROVIDE (__end_data_RAM2, .)

.uninit_RESERVED
                0x10000000        0x0
 *(.bss.$RESERVED*)
                0x10000000                . = ALIGN (0x4)
                0x10000000                _end_uninit_RESERVED = .

.data           0x10000000      0x98c load address 0x00006c98
 FILL mask 0xff
                0x10000000                _data = .
 *(vtable)
 *(.ramfunc*)
 *(.data*)
 .data.i2c_cfg  0x10000000       0x9c src/i2c.o
                0x10000000                i2c_cfg
 .data.IPMBL_TABLE
                0x1000009c       0x1b src/i2c.o
                0x1000009c                IPMBL_TABLE
 *fill*         0x100000b7        0x1 
 .data.uxCriticalNesting
                0x100000b8        0x4 ./FreeRTOS/port.o
 .data.xNextTaskUnblockTime
                0x100000bc        0x4 ./FreeRTOS/tasks.o
 .data.xFreeBytesRemaining
                0x100000c0        0x4 ./FreeRTOS/heap_2.o
 .data.i2c      0x100000c4       0x54 ./chip/src/i2c_17xx_40xx.o
 .data.impure_data
                0x10000118      0x428 /usr/local/lpcxpresso_7.8.0_426/lpcxpresso/tools/arm-none-eabi/lib/thumb/libc.a(lib_a-impure.o)
 .data._impure_ptr
                0x10000540        0x4 /usr/local/lpcxpresso_7.8.0_426/lpcxpresso/tools/arm-none-eabi/lib/thumb/libc.a(lib_a-impure.o)
                0x10000540                _impure_ptr
 .data.lconv    0x10000544       0x38 /usr/local/lpcxpresso_7.8.0_426/lpcxpresso/tools/arm-none-eabi/lib/thumb/libc.a(lib_a-locale.o)
 .data.__malloc_av_
                0x1000057c      0x408 /usr/local/lpcxpresso_7.8.0_426/lpcxpresso/tools/arm-none-eabi/lib/thumb/libc.a(lib_a-mallocr.o)
                0x1000057c                __malloc_av_
 .data.__malloc_trim_threshold
                0x10000984        0x4 /usr/local/lpcxpresso_7.8.0_426/lpcxpresso/tools/arm-none-eabi/lib/thumb/libc.a(lib_a-mallocr.o)
                0x10000984                __malloc_trim_threshold
 .data.__malloc_sbrk_base
                0x10000988        0x4 /usr/local/lpcxpresso_7.8.0_426/lpcxpresso/tools/arm-none-eabi/lib/thumb/libc.a(lib_a-mallocr.o)
                0x10000988                __malloc_sbrk_base
                0x1000098c                . = ALIGN (0x4)
                0x1000098c                _edata = .

.igot.plt       0x1000098c        0x0 load address 0x00007624
 .igot.plt      0x00000000        0x0 src/sysinit.o

.bss_RAM2       0x2007c000        0x0
                0x2007c000                PROVIDE (__start_bss_RAM2, .)
 *(.bss.$RAM2*)
 *(.bss.$RamAHB16*)
                0x2007c000                . = ALIGN (0x4)
                0x2007c000                PROVIDE (__end_bss_RAM2, .)

.bss            0x1000098c     0x298c
                0x1000098c                _bss = .
 *(.bss*)
 .bss.xI2CSemaphoreWokeTask.7338
                0x1000098c        0x4 src/i2c.o
 .bss.xNumOfOverflows
                0x10000990        0x4 ./FreeRTOS/tasks.o
 .bss.pxDelayedTaskList
                0x10000994        0x4 ./FreeRTOS/tasks.o
 .bss.xSchedulerRunning
                0x10000998        0x4 ./FreeRTOS/tasks.o
 .bss.xDelayedTaskList1
                0x1000099c       0x14 ./FreeRTOS/tasks.o
 .bss.xDelayedTaskList2
                0x100009b0       0x14 ./FreeRTOS/tasks.o
 .bss.uxPendedTicks
                0x100009c4        0x4 ./FreeRTOS/tasks.o
 .bss.pxReadyTasksLists
                0x100009c8       0x64 ./FreeRTOS/tasks.o
 .bss.uxSchedulerSuspended
                0x10000a2c        0x4 ./FreeRTOS/tasks.o
 .bss.pxCurrentTCB
                0x10000a30        0x4 ./FreeRTOS/tasks.o
                0x10000a30                pxCurrentTCB
 .bss.xPendingReadyList
                0x10000a34       0x14 ./FreeRTOS/tasks.o
 .bss.xTickCount
                0x10000a48        0x4 ./FreeRTOS/tasks.o
 .bss.pxOverflowDelayedTaskList
                0x10000a4c        0x4 ./FreeRTOS/tasks.o
 .bss.uxTaskNumber
                0x10000a50        0x4 ./FreeRTOS/tasks.o
 .bss.uxCurrentNumberOfTasks
                0x10000a54        0x4 ./FreeRTOS/tasks.o
 .bss.xSuspendedTaskList
                0x10000a58       0x14 ./FreeRTOS/tasks.o
 .bss.uxTopReadyPriority
                0x10000a6c        0x4 ./FreeRTOS/tasks.o
 .bss.xYieldPending
                0x10000a70        0x4 ./FreeRTOS/tasks.o
 .bss.xStart    0x10000a74        0x8 ./FreeRTOS/heap_2.o
 .bss.ucHeap    0x10000a7c     0x2800 ./FreeRTOS/heap_2.o
 .bss.xHeapHasBeenInitialised.7726
                0x1000327c        0x4 ./FreeRTOS/heap_2.o
 .bss.xEnd      0x10003280        0x8 ./FreeRTOS/heap_2.o
 .bss.__malloc_max_total_mem
                0x10003288        0x4 /usr/local/lpcxpresso_7.8.0_426/lpcxpresso/tools/arm-none-eabi/lib/thumb/libc.a(lib_a-mallocr.o)
                0x10003288                __malloc_max_total_mem
 .bss.__malloc_max_sbrked_mem
                0x1000328c        0x4 /usr/local/lpcxpresso_7.8.0_426/lpcxpresso/tools/arm-none-eabi/lib/thumb/libc.a(lib_a-mallocr.o)
                0x1000328c                __malloc_max_sbrked_mem
 .bss.__malloc_top_pad
                0x10003290        0x4 /usr/local/lpcxpresso_7.8.0_426/lpcxpresso/tools/arm-none-eabi/lib/thumb/libc.a(lib_a-mallocr.o)
                0x10003290                __malloc_top_pad
 .bss.__malloc_current_mallinfo
                0x10003294       0x28 /usr/local/lpcxpresso_7.8.0_426/lpcxpresso/tools/arm-none-eabi/lib/thumb/libc.a(lib_a-mallocr.o)
                0x10003294                __malloc_current_mallinfo
 *(COMMON)
 COMMON         0x100032bc       0x50 ./FreeRTOS/queue.o
                0x100032bc                xQueueRegistry
 COMMON         0x1000330c        0x4 ./chip/src/chip_17xx_40xx.o
                0x1000330c                SystemCoreClock
 COMMON         0x10003310        0x4 /usr/local/lpcxpresso_7.8.0_426/lpcxpresso/tools/arm-none-eabi/lib/thumb/libc.a(lib_a-reent.o)
                0x10003310                errno
 COMMON         0x10003314        0x4 /usr/local/lpcxpresso_7.8.0_426/lpcxpresso/tools/arm-none-eabi/lib/thumb/libcr_newlib_nohost.a(_cr_sbrk.o)
                0x10003314                __end_of_heap
                0x10003318                . = ALIGN (0x4)
                0x10003318                _ebss = .
                0x10003318                PROVIDE (end, .)

.noinit_RAM2    0x2007c000        0x0
 *(.noinit.$RAM2*)
 *(.noinit.$RamAHB16*)
                0x2007c000                . = ALIGN (0x4)

.noinit         0x10003318        0x0
                0x10003318                _noinit = .
 *(.noinit*)
                0x10003318                . = ALIGN (0x4)
                0x10003318                _end_noinit = .
                0x10003318                PROVIDE (_pvHeapStart, DEFINED (__user_heap_base)?__user_heap_base:.)
                0x10004000                PROVIDE (_vStackTop, DEFINED (__user_stack_top)?__user_stack_top:(__top_RamLoc16 - 0x0))
OUTPUT(afcipm.axf elf32-littlearm)

.comment        0x00000000       0x8f
 .comment       0x00000000       0x1f src/sysinit.o
                                 0x20 (size before relaxing)
 .comment       0x00000000       0x20 src/AFC_IPM.o
 .comment       0x00000000       0x20 src/cr_startup_lpc175x_6x.o
 .comment       0x00000000       0x20 src/i2c.o
 .comment       0x00000000       0x20 ./FreeRTOS/queue.o
 .comment       0x00000000       0x20 ./FreeRTOS/port.o
 .comment       0x00000000       0x20 ./FreeRTOS/tasks.o
 .comment       0x00000000       0x20 ./FreeRTOS/heap_2.o
 .comment       0x00000000       0x20 ./FreeRTOS/list.o
 .comment       0x00000000       0x20 ./chip/src/chip_17xx_40xx.o
 .comment       0x00000000       0x20 ./chip/src/sysinit_17xx_40xx.o
 .comment       0x00000000       0x20 ./chip/src/clock_17xx_40xx.o
 .comment       0x00000000       0x20 ./chip/src/i2c_17xx_40xx.o
 .comment       0x00000000       0x20 ./chip/src/iocon_17xx_40xx.o
 .comment       0x0000001f       0x70 /usr/local/lpcxpresso_7.8.0_426/lpcxpresso/tools/arm-none-eabi/lib/thumb/libcr_newlib_nohost.a(_cr_sbrk.o)
                                 0x71 (size before relaxing)
 .comment       0x00000000       0x71 /usr/local/lpcxpresso_7.8.0_426/lpcxpresso/tools/arm-none-eabi/lib/thumb/libcr_newlib_nohost.a(_cr_check_heap.o)

.ARM.attributes
                0x00000000       0x33
 .ARM.attributes
                0x00000000       0x33 src/sysinit.o
 .ARM.attributes
                0x00000033       0x33 src/AFC_IPM.o
 .ARM.attributes
                0x00000066       0x33 src/cr_startup_lpc175x_6x.o
 .ARM.attributes
                0x00000099       0x33 src/i2c.o
 .ARM.attributes
                0x000000cc       0x33 ./FreeRTOS/queue.o
 .ARM.attributes
                0x000000ff       0x33 ./FreeRTOS/port.o
 .ARM.attributes
                0x00000132       0x33 ./FreeRTOS/tasks.o
 .ARM.attributes
                0x00000165       0x33 ./FreeRTOS/heap_2.o
 .ARM.attributes
                0x00000198       0x33 ./FreeRTOS/list.o
 .ARM.attributes
                0x000001cb       0x33 ./chip/src/chip_17xx_40xx.o
 .ARM.attributes
                0x000001fe       0x33 ./chip/src/sysinit_17xx_40xx.o
 .ARM.attributes
                0x00000231       0x33 ./chip/src/clock_17xx_40xx.o
 .ARM.attributes
                0x00000264       0x33 ./chip/src/i2c_17xx_40xx.o
 .ARM.attributes
                0x00000297       0x33 ./chip/src/iocon_17xx_40xx.o
 .ARM.attributes
                0x000002ca       0x18 /usr/local/lpcxpresso_7.8.0_426/lpcxpresso/tools/lib/gcc/arm-none-eabi/4.9.3/thumb/libgcc.a(_aeabi_uldivmod.o)
 .ARM.attributes
                0x000002e2       0x30 /usr/local/lpcxpresso_7.8.0_426/lpcxpresso/tools/lib/gcc/arm-none-eabi/4.9.3/thumb/libgcc.a(bpabi.o)
 .ARM.attributes
                0x00000312       0x16 /usr/local/lpcxpresso_7.8.0_426/lpcxpresso/tools/lib/gcc/arm-none-eabi/4.9.3/thumb/libgcc.a(_dvmd_tls.o)
 .ARM.attributes
                0x00000328       0x30 /usr/local/lpcxpresso_7.8.0_426/lpcxpresso/tools/lib/gcc/arm-none-eabi/4.9.3/thumb/libgcc.a(_muldi3.o)
 .ARM.attributes
                0x00000358       0x30 /usr/local/lpcxpresso_7.8.0_426/lpcxpresso/tools/lib/gcc/arm-none-eabi/4.9.3/thumb/libgcc.a(_divdi3.o)
 .ARM.attributes
                0x00000388       0x30 /usr/local/lpcxpresso_7.8.0_426/lpcxpresso/tools/lib/gcc/arm-none-eabi/4.9.3/thumb/libgcc.a(_udivdi3.o)
 .ARM.attributes
                0x000003b8       0x18 /usr/local/lpcxpresso_7.8.0_426/lpcxpresso/tools/lib/gcc/arm-none-eabi/4.9.3/thumb/libgcc.a(_clzdi2.o)
 .ARM.attributes
                0x000003d0       0x18 /usr/local/lpcxpresso_7.8.0_426/lpcxpresso/tools/lib/gcc/arm-none-eabi/4.9.3/thumb/libgcc.a(_clzsi2.o)
 .ARM.attributes
                0x000003e8       0x30 /usr/local/lpcxpresso_7.8.0_426/lpcxpresso/tools/arm-none-eabi/lib/thumb/libc.a(lib_a-memcpy.o)
 .ARM.attributes
                0x00000418       0x30 /usr/local/lpcxpresso_7.8.0_426/lpcxpresso/tools/arm-none-eabi/lib/thumb/libc.a(lib_a-memset.o)
 .ARM.attributes
                0x00000448       0x30 /usr/local/lpcxpresso_7.8.0_426/lpcxpresso/tools/arm-none-eabi/lib/thumb/libc.a(lib_a-sprintf.o)
 .ARM.attributes
                0x00000478       0x30 /usr/local/lpcxpresso_7.8.0_426/lpcxpresso/tools/arm-none-eabi/lib/thumb/libc.a(lib_a-svfprintf.o)
 .ARM.attributes
                0x000004a8       0x30 /usr/local/lpcxpresso_7.8.0_426/lpcxpresso/tools/arm-none-eabi/lib/thumb/libc.a(lib_a-dtoa.o)
 .ARM.attributes
                0x000004d8       0x30 /usr/local/lpcxpresso_7.8.0_426/lpcxpresso/tools/arm-none-eabi/lib/thumb/libc.a(lib_a-impure.o)
 .ARM.attributes
                0x00000508       0x30 /usr/local/lpcxpresso_7.8.0_426/lpcxpresso/tools/arm-none-eabi/lib/thumb/libc.a(lib_a-locale.o)
 .ARM.attributes
                0x00000538       0x30 /usr/local/lpcxpresso_7.8.0_426/lpcxpresso/tools/arm-none-eabi/lib/thumb/libc.a(lib_a-mallocr.o)
 .ARM.attributes
                0x00000568       0x30 /usr/local/lpcxpresso_7.8.0_426/lpcxpresso/tools/arm-none-eabi/lib/thumb/libc.a(lib_a-memchr.o)
 .ARM.attributes
                0x00000598       0x30 /usr/local/lpcxpresso_7.8.0_426/lpcxpresso/tools/arm-none-eabi/lib/thumb/libc.a(lib_a-mlock.o)
 .ARM.attributes
                0x000005c8       0x30 /usr/local/lpcxpresso_7.8.0_426/lpcxpresso/tools/arm-none-eabi/lib/thumb/libc.a(lib_a-mprec.o)
 .ARM.attributes
                0x000005f8       0x30 /usr/local/lpcxpresso_7.8.0_426/lpcxpresso/tools/arm-none-eabi/lib/thumb/libc.a(lib_a-s_fpclassify.o)
 .ARM.attributes
                0x00000628       0x30 /usr/local/lpcxpresso_7.8.0_426/lpcxpresso/tools/arm-none-eabi/lib/thumb/libc.a(lib_a-sbrkr.o)
 .ARM.attributes
                0x00000658       0x30 /usr/local/lpcxpresso_7.8.0_426/lpcxpresso/tools/arm-none-eabi/lib/thumb/libc.a(lib_a-strlen.o)
 .ARM.attributes
                0x00000688       0x30 /usr/local/lpcxpresso_7.8.0_426/lpcxpresso/tools/arm-none-eabi/lib/thumb/libc.a(lib_a-svfiprintf.o)
 .ARM.attributes
                0x000006b8       0x30 /usr/local/lpcxpresso_7.8.0_426/lpcxpresso/tools/arm-none-eabi/lib/thumb/libc.a(lib_a-callocr.o)
 .ARM.attributes
                0x000006e8       0x30 /usr/local/lpcxpresso_7.8.0_426/lpcxpresso/tools/arm-none-eabi/lib/thumb/libc.a(lib_a-freer.o)
 .ARM.attributes
                0x00000718       0x30 /usr/local/lpcxpresso_7.8.0_426/lpcxpresso/tools/arm-none-eabi/lib/thumb/libc.a(lib_a-memmove.o)
 .ARM.attributes
                0x00000748       0x30 /usr/local/lpcxpresso_7.8.0_426/lpcxpresso/tools/arm-none-eabi/lib/thumb/libc.a(lib_a-reallocr.o)
 .ARM.attributes
                0x00000778       0x30 /usr/local/lpcxpresso_7.8.0_426/lpcxpresso/tools/arm-none-eabi/lib/thumb/libc.a(lib_a-reent.o)
 .ARM.attributes
                0x000007a8       0x30 /usr/local/lpcxpresso_7.8.0_426/lpcxpresso/tools/arm-none-eabi/lib/thumb/libcr_newlib_nohost.a(_cr_sbrk.o)
 .ARM.attributes
                0x000007d8       0x30 /usr/local/lpcxpresso_7.8.0_426/lpcxpresso/tools/arm-none-eabi/lib/thumb/libcr_newlib_nohost.a(_cr_check_heap.o)
 .ARM.attributes
                0x00000808       0x18 /usr/local/lpcxpresso_7.8.0_426/lpcxpresso/tools/lib/gcc/arm-none-eabi/4.9.3/thumb/libgcc.a(_udivsi3.o)
 .ARM.attributes
                0x00000820       0x18 /usr/local/lpcxpresso_7.8.0_426/lpcxpresso/tools/lib/gcc/arm-none-eabi/4.9.3/thumb/libgcc.a(_divsi3.o)
 .ARM.attributes
                0x00000838       0x18 /usr/local/lpcxpresso_7.8.0_426/lpcxpresso/tools/lib/gcc/arm-none-eabi/4.9.3/thumb/libgcc.a(_arm_addsubdf3.o)
 .ARM.attributes
                0x00000850       0x18 /usr/local/lpcxpresso_7.8.0_426/lpcxpresso/tools/lib/gcc/arm-none-eabi/4.9.3/thumb/libgcc.a(_arm_muldivdf3.o)
 .ARM.attributes
                0x00000868       0x18 /usr/local/lpcxpresso_7.8.0_426/lpcxpresso/tools/lib/gcc/arm-none-eabi/4.9.3/thumb/libgcc.a(_arm_cmpdf2.o)
 .ARM.attributes
                0x00000880       0x18 /usr/local/lpcxpresso_7.8.0_426/lpcxpresso/tools/lib/gcc/arm-none-eabi/4.9.3/thumb/libgcc.a(_arm_fixdfsi.o)
 .ARM.attributes
                0x00000898       0x30 /usr/local/lpcxpresso_7.8.0_426/lpcxpresso/tools/arm-none-eabi/lib/thumb/libc.a(lib_a-errno.o)

.debug_frame    0x00000000      0x8c4
 .debug_frame   0x00000000       0x28 /usr/local/lpcxpresso_7.8.0_426/lpcxpresso/tools/lib/gcc/arm-none-eabi/4.9.3/thumb/libgcc.a(_aeabi_uldivmod.o)
 .debug_frame   0x00000028       0x50 /usr/local/lpcxpresso_7.8.0_426/lpcxpresso/tools/lib/gcc/arm-none-eabi/4.9.3/thumb/libgcc.a(bpabi.o)
 .debug_frame   0x00000078       0x34 /usr/local/lpcxpresso_7.8.0_426/lpcxpresso/tools/lib/gcc/arm-none-eabi/4.9.3/thumb/libgcc.a(_muldi3.o)
 .debug_frame   0x000000ac       0x3c /usr/local/lpcxpresso_7.8.0_426/lpcxpresso/tools/lib/gcc/arm-none-eabi/4.9.3/thumb/libgcc.a(_divdi3.o)
 .debug_frame   0x000000e8       0x3c /usr/local/lpcxpresso_7.8.0_426/lpcxpresso/tools/lib/gcc/arm-none-eabi/4.9.3/thumb/libgcc.a(_udivdi3.o)
 .debug_frame   0x00000124       0x2c /usr/local/lpcxpresso_7.8.0_426/lpcxpresso/tools/arm-none-eabi/lib/thumb/libc.a(lib_a-memcpy.o)
 .debug_frame   0x00000150       0x2c /usr/local/lpcxpresso_7.8.0_426/lpcxpresso/tools/arm-none-eabi/lib/thumb/libc.a(lib_a-memset.o)
 .debug_frame   0x0000017c       0x50 /usr/local/lpcxpresso_7.8.0_426/lpcxpresso/tools/arm-none-eabi/lib/thumb/libc.a(lib_a-sprintf.o)
 .debug_frame   0x000001cc       0x3c /usr/local/lpcxpresso_7.8.0_426/lpcxpresso/tools/arm-none-eabi/lib/thumb/libc.a(lib_a-svfprintf.o)
 .debug_frame   0x00000208       0x68 /usr/local/lpcxpresso_7.8.0_426/lpcxpresso/tools/arm-none-eabi/lib/thumb/libc.a(lib_a-dtoa.o)
 .debug_frame   0x00000270       0xa4 /usr/local/lpcxpresso_7.8.0_426/lpcxpresso/tools/arm-none-eabi/lib/thumb/libc.a(lib_a-locale.o)
 .debug_frame   0x00000314       0x3c /usr/local/lpcxpresso_7.8.0_426/lpcxpresso/tools/arm-none-eabi/lib/thumb/libc.a(lib_a-mallocr.o)
 .debug_frame   0x00000350       0x2c /usr/local/lpcxpresso_7.8.0_426/lpcxpresso/tools/arm-none-eabi/lib/thumb/libc.a(lib_a-memchr.o)
 .debug_frame   0x0000037c       0x30 /usr/local/lpcxpresso_7.8.0_426/lpcxpresso/tools/arm-none-eabi/lib/thumb/libc.a(lib_a-mlock.o)
 .debug_frame   0x000003ac      0x25c /usr/local/lpcxpresso_7.8.0_426/lpcxpresso/tools/arm-none-eabi/lib/thumb/libc.a(lib_a-mprec.o)
 .debug_frame   0x00000608       0x28 /usr/local/lpcxpresso_7.8.0_426/lpcxpresso/tools/arm-none-eabi/lib/thumb/libc.a(lib_a-s_fpclassify.o)
 .debug_frame   0x00000630       0x2c /usr/local/lpcxpresso_7.8.0_426/lpcxpresso/tools/arm-none-eabi/lib/thumb/libc.a(lib_a-sbrkr.o)
 .debug_frame   0x0000065c       0x28 /usr/local/lpcxpresso_7.8.0_426/lpcxpresso/tools/arm-none-eabi/lib/thumb/libc.a(lib_a-strlen.o)
 .debug_frame   0x00000684       0x68 /usr/local/lpcxpresso_7.8.0_426/lpcxpresso/tools/arm-none-eabi/lib/thumb/libc.a(lib_a-svfiprintf.o)
 .debug_frame   0x000006ec       0x28 /usr/local/lpcxpresso_7.8.0_426/lpcxpresso/tools/arm-none-eabi/lib/thumb/libc.a(lib_a-callocr.o)
 .debug_frame   0x00000714       0x54 /usr/local/lpcxpresso_7.8.0_426/lpcxpresso/tools/arm-none-eabi/lib/thumb/libc.a(lib_a-freer.o)
 .debug_frame   0x00000768       0x2c /usr/local/lpcxpresso_7.8.0_426/lpcxpresso/tools/arm-none-eabi/lib/thumb/libc.a(lib_a-memmove.o)
 .debug_frame   0x00000794       0x3c /usr/local/lpcxpresso_7.8.0_426/lpcxpresso/tools/arm-none-eabi/lib/thumb/libc.a(lib_a-reallocr.o)
 .debug_frame   0x000007d0       0x48 /usr/local/lpcxpresso_7.8.0_426/lpcxpresso/tools/arm-none-eabi/lib/thumb/libc.a(lib_a-reent.o)
 .debug_frame   0x00000818       0x2c /usr/local/lpcxpresso_7.8.0_426/lpcxpresso/tools/arm-none-eabi/lib/thumb/libcr_newlib_nohost.a(_cr_sbrk.o)
 .debug_frame   0x00000844       0x20 /usr/local/lpcxpresso_7.8.0_426/lpcxpresso/tools/arm-none-eabi/lib/thumb/libcr_newlib_nohost.a(_cr_check_heap.o)
 .debug_frame   0x00000864       0x20 /usr/local/lpcxpresso_7.8.0_426/lpcxpresso/tools/lib/gcc/arm-none-eabi/4.9.3/thumb/libgcc.a(_udivsi3.o)
 .debug_frame   0x00000884       0x20 /usr/local/lpcxpresso_7.8.0_426/lpcxpresso/tools/lib/gcc/arm-none-eabi/4.9.3/thumb/libgcc.a(_divsi3.o)
 .debug_frame   0x000008a4       0x20 /usr/local/lpcxpresso_7.8.0_426/lpcxpresso/tools/arm-none-eabi/lib/thumb/libc.a(lib_a-errno.o)

.debug_info     0x00000000      0x197
 .debug_info    0x00000000      0x12d /usr/local/lpcxpresso_7.8.0_426/lpcxpresso/tools/arm-none-eabi/lib/thumb/libcr_newlib_nohost.a(_cr_sbrk.o)
 .debug_info    0x0000012d       0x6a /usr/local/lpcxpresso_7.8.0_426/lpcxpresso/tools/arm-none-eabi/lib/thumb/libcr_newlib_nohost.a(_cr_check_heap.o)

.debug_abbrev   0x00000000      0x158
 .debug_abbrev  0x00000000       0xf6 /usr/local/lpcxpresso_7.8.0_426/lpcxpresso/tools/arm-none-eabi/lib/thumb/libcr_newlib_nohost.a(_cr_sbrk.o)
 .debug_abbrev  0x000000f6       0x62 /usr/local/lpcxpresso_7.8.0_426/lpcxpresso/tools/arm-none-eabi/lib/thumb/libcr_newlib_nohost.a(_cr_check_heap.o)

.debug_loc      0x00000000       0x7b
 .debug_loc     0x00000000       0x5d /usr/local/lpcxpresso_7.8.0_426/lpcxpresso/tools/arm-none-eabi/lib/thumb/libcr_newlib_nohost.a(_cr_sbrk.o)
 .debug_loc     0x0000005d       0x1e /usr/local/lpcxpresso_7.8.0_426/lpcxpresso/tools/arm-none-eabi/lib/thumb/libcr_newlib_nohost.a(_cr_check_heap.o)

.debug_aranges  0x00000000       0x40
 .debug_aranges
                0x00000000       0x20 /usr/local/lpcxpresso_7.8.0_426/lpcxpresso/tools/arm-none-eabi/lib/thumb/libcr_newlib_nohost.a(_cr_sbrk.o)
 .debug_aranges
                0x00000020       0x20 /usr/local/lpcxpresso_7.8.0_426/lpcxpresso/tools/arm-none-eabi/lib/thumb/libcr_newlib_nohost.a(_cr_check_heap.o)

.debug_ranges   0x00000000       0x20
 .debug_ranges  0x00000000       0x10 /usr/local/lpcxpresso_7.8.0_426/lpcxpresso/tools/arm-none-eabi/lib/thumb/libcr_newlib_nohost.a(_cr_sbrk.o)
 .debug_ranges  0x00000010       0x10 /usr/local/lpcxpresso_7.8.0_426/lpcxpresso/tools/arm-none-eabi/lib/thumb/libcr_newlib_nohost.a(_cr_check_heap.o)

.debug_line     0x00000000      0x152
 .debug_line    0x00000000       0xff /usr/local/lpcxpresso_7.8.0_426/lpcxpresso/tools/arm-none-eabi/lib/thumb/libcr_newlib_nohost.a(_cr_sbrk.o)
 .debug_line    0x000000ff       0x53 /usr/local/lpcxpresso_7.8.0_426/lpcxpresso/tools/arm-none-eabi/lib/thumb/libcr_newlib_nohost.a(_cr_check_heap.o)

.debug_str      0x00000000      0x1ff
 .debug_str     0x00000000      0x1da /usr/local/lpcxpresso_7.8.0_426/lpcxpresso/tools/arm-none-eabi/lib/thumb/libcr_newlib_nohost.a(_cr_sbrk.o)
                                0x213 (size before relaxing)
 .debug_str     0x000001da       0x25 /usr/local/lpcxpresso_7.8.0_426/lpcxpresso/tools/arm-none-eabi/lib/thumb/libcr_newlib_nohost.a(_cr_check_heap.o)
                                0x161 (size before relaxing)
